2026-02-21 05:20:57,539 - data_ingestion - ERROR - Error processing file CS2_35_10_15_10.xlsx: 'DataStandardizer' object has no attribute 'standardize_excel_file'
2026-02-21 05:20:57,540 - data_ingestion - ERROR - Traceback: Traceback (most recent call last):
  File "/home/sanket/Make_My_route/battery-analytics-lab/src/ingestion/data_ingestor.py", line 170, in process_single_file
    standardization_result = self.standardizer.standardize_excel_file(str(file_path))
                             ^^^^^^^^^^^^^^^^^^^^^^^^^^^^^^^^^^^^^^^^
AttributeError: 'DataStandardizer' object has no attribute 'standardize_excel_file'. Did you mean: 'standardize_file'?

2026-02-21 05:20:57,540 - data_ingestion - ERROR - Error processing file CS2_35_10_22_10.xlsx: 'DataStandardizer' object has no attribute 'standardize_excel_file'
2026-02-21 05:20:57,540 - data_ingestion - ERROR - Traceback: Traceback (most recent call last):
  File "/home/sanket/Make_My_route/battery-analytics-lab/src/ingestion/data_ingestor.py", line 170, in process_single_file
    standardization_result = self.standardizer.standardize_excel_file(str(file_path))
                             ^^^^^^^^^^^^^^^^^^^^^^^^^^^^^^^^^^^^^^^^
AttributeError: 'DataStandardizer' object has no attribute 'standardize_excel_file'. Did you mean: 'standardize_file'?

2026-02-21 05:20:57,540 - data_ingestion - ERROR - Error processing file CS2_35_10_29_10.xlsx: 'DataStandardizer' object has no attribute 'standardize_excel_file'
2026-02-21 05:20:57,540 - data_ingestion - ERROR - Traceback: Traceback (most recent call last):
  File "/home/sanket/Make_My_route/battery-analytics-lab/src/ingestion/data_ingestor.py", line 170, in process_single_file
    standardization_result = self.standardizer.standardize_excel_file(str(file_path))
                             ^^^^^^^^^^^^^^^^^^^^^^^^^^^^^^^^^^^^^^^^
AttributeError: 'DataStandardizer' object has no attribute 'standardize_excel_file'. Did you mean: 'standardize_file'?

2026-02-21 05:20:57,559 - data_ingestion - ERROR - Error updating metadata records: 'NoneType' object has no attribute 'get'
2026-02-21 05:21:39,980 - data_ingestion - ERROR - Error processing file CS2_35_10_15_10.xlsx: Standardization failed: Duplicate column names found: ['current_a', 'current_a', 'current_a', 'TEST REPORT', 'current_a', 'current_a', 'current_a', 'current_a', 'current_a', 'current_a', 'current_a', 'current_a', 'current_a', 'current_a', 'current_a', 'current_a', 'current_a', 'current_a', 'current_a', 'current_a', 'current_a', 'current_a', 'current_a', 'phase_type', 'Cycle_Index', 'cell_id', 'test_date', 'file_source', 'standardization_version', 'processing_timestamp', 'original_columns', 'original_row_count', 'data_quality_score', 'extraction_metadata']
2026-02-21 05:21:39,980 - data_ingestion - ERROR - Traceback: Traceback (most recent call last):
  File "/home/sanket/Make_My_route/battery-analytics-lab/src/ingestion/data_ingestor.py", line 174, in process_single_file
    raise Exception(f"Standardization failed: {standardization_result.get('error_message', 'Unknown error')}")
Exception: Standardization failed: Duplicate column names found: ['current_a', 'current_a', 'current_a', 'TEST REPORT', 'current_a', 'current_a', 'current_a', 'current_a', 'current_a', 'current_a', 'current_a', 'current_a', 'current_a', 'current_a', 'current_a', 'current_a', 'current_a', 'current_a', 'current_a', 'current_a', 'current_a', 'current_a', 'current_a', 'phase_type', 'Cycle_Index', 'cell_id', 'test_date', 'file_source', 'standardization_version', 'processing_timestamp', 'original_columns', 'original_row_count', 'data_quality_score', 'extraction_metadata']

2026-02-21 05:21:39,993 - data_ingestion - ERROR - Error processing file CS2_35_10_22_10.xlsx: Standardization failed: Duplicate column names found: ['current_a', 'current_a', 'current_a', 'TEST REPORT', 'current_a', 'current_a', 'current_a', 'current_a', 'current_a', 'current_a', 'current_a', 'current_a', 'current_a', 'current_a', 'current_a', 'current_a', 'current_a', 'current_a', 'current_a', 'current_a', 'current_a', 'current_a', 'current_a', 'phase_type', 'Cycle_Index', 'cell_id', 'test_date', 'file_source', 'standardization_version', 'processing_timestamp', 'original_columns', 'original_row_count', 'data_quality_score', 'extraction_metadata']
2026-02-21 05:21:39,993 - data_ingestion - ERROR - Traceback: Traceback (most recent call last):
  File "/home/sanket/Make_My_route/battery-analytics-lab/src/ingestion/data_ingestor.py", line 174, in process_single_file
    raise Exception(f"Standardization failed: {standardization_result.get('error_message', 'Unknown error')}")
Exception: Standardization failed: Duplicate column names found: ['current_a', 'current_a', 'current_a', 'TEST REPORT', 'current_a', 'current_a', 'current_a', 'current_a', 'current_a', 'current_a', 'current_a', 'current_a', 'current_a', 'current_a', 'current_a', 'current_a', 'current_a', 'current_a', 'current_a', 'current_a', 'current_a', 'current_a', 'current_a', 'phase_type', 'Cycle_Index', 'cell_id', 'test_date', 'file_source', 'standardization_version', 'processing_timestamp', 'original_columns', 'original_row_count', 'data_quality_score', 'extraction_metadata']

2026-02-21 05:21:40,005 - data_ingestion - ERROR - Error processing file CS2_35_10_29_10.xlsx: Standardization failed: Duplicate column names found: ['current_a', 'current_a', 'current_a', 'TEST REPORT', 'current_a', 'current_a', 'current_a', 'current_a', 'current_a', 'current_a', 'current_a', 'current_a', 'current_a', 'current_a', 'current_a', 'current_a', 'current_a', 'current_a', 'current_a', 'current_a', 'current_a', 'current_a', 'current_a', 'phase_type', 'Cycle_Index', 'cell_id', 'test_date', 'file_source', 'standardization_version', 'processing_timestamp', 'original_columns', 'original_row_count', 'data_quality_score', 'extraction_metadata']
2026-02-21 05:21:40,006 - data_ingestion - ERROR - Traceback: Traceback (most recent call last):
  File "/home/sanket/Make_My_route/battery-analytics-lab/src/ingestion/data_ingestor.py", line 174, in process_single_file
    raise Exception(f"Standardization failed: {standardization_result.get('error_message', 'Unknown error')}")
Exception: Standardization failed: Duplicate column names found: ['current_a', 'current_a', 'current_a', 'TEST REPORT', 'current_a', 'current_a', 'current_a', 'current_a', 'current_a', 'current_a', 'current_a', 'current_a', 'current_a', 'current_a', 'current_a', 'current_a', 'current_a', 'current_a', 'current_a', 'current_a', 'current_a', 'current_a', 'current_a', 'phase_type', 'Cycle_Index', 'cell_id', 'test_date', 'file_source', 'standardization_version', 'processing_timestamp', 'original_columns', 'original_row_count', 'data_quality_score', 'extraction_metadata']

